<T>
    <in>
        ListItem(#buffer ( "" ))
        ListItem(#istream ( 0 ))
    </in>
    <out>
        ListItem(#ostream ( 1 ))
        ListItem(#buffer ( "" ))
    </out>
    <threads>
        .Bag
    </threads>
    <store>
        #symScalLoc(1) |-> 2
        #symScalLoc(2) |-> lambda ( (int x) @ (return (r = x) ;) )
        #symScalLoc(3) |-> lambda ( .Decls @ (((std::thread t1 ( f , 1 ) ;) (
          std::thread t1 ( f , 2 ) ;)) (return r ;)) )
        #symScalLoc(4) |-> 1
        #symScalLoc(5) |-> 2
    </store>
    <genv>
        f |-> #symScalLoc(2)
        main |-> #symScalLoc(3)
        r |-> #symScalLoc(1)
    </genv>
</T>
