x, y: 172
43
<T>
    <in>
        ListItem(#buffer ( "" ))
        ListItem(#istream ( 0 ))
    </in>
    <out>
        ListItem(#ostream ( 1 ))
        ListItem(#buffer ( "" ))
    </out>
    <control>
        <k>
            .K
        </k>
        <return>
            noVal
        </return>
        <fstack>
            .List
        </fstack>
        <sideEffects>
            .Bag
        </sideEffects>
        <env>
            f |-> #symScalLoc(1)
            g |-> #symScalLoc(2)
            main |-> #symScalLoc(3)
        </env>
    </control>
    <store>
        #symScalLoc(1) |-> lambda ( int x, y of reference to int @ (x = 1)
           ; (y = 2) ; return x ; )
        #symScalLoc(2) |-> lambda ( x of reference to int, y of reference to 
          int @ (x = 3) ; (y = 4) ; )
        #symScalLoc(3) |-> lambda (  @ int x ; int y ; int z ; (cout << 
          "x, y: ") ; (cin >> x) ; (cin >> y) ; (z = (f ( (x , y) ))) ; ((((
          cout << z) << x) << y) << "\n") ; (g ( (y , x) )) ; (((cout << x) <<
           y) << "\n") ; )
        #symScalLoc(4) |-> 4
        #symScalLoc(5) |-> 3
        #symScalLoc(6) |-> 1
        #symScalLoc(14) |-> 1
    </store>
    <genv>
        f |-> #symScalLoc(1)
        g |-> #symScalLoc(2)
        main |-> #symScalLoc(3)
    </genv>
</T>
