1010<T>
    <in>
        ListItem(#buffer ( "" ))
        ListItem(#istream ( 0 ))
    </in>
    <out>
        ListItem(#ostream ( 1 ))
        ListItem(#buffer ( "" ))
    </out>
    <control>
        <k>
            .K
        </k>
        <return>
            0
        </return>
        <fstack>
            .List
        </fstack>
        <sideEffects>
            .Bag
        </sideEffects>
        <env>
            main |-> #symScalLoc(1)
        </env>
    </control>
    <genv>
        main |-> #symScalLoc(1)
    </genv>
    <store>
        #symScalLoc(1) |-> lambda ( .Decls @ (((((((int i) ;) ((int j) ;))
           ((j = 10) ;)) ((i = ((j = (j + 1)) , ((j + 100) , (999 + j)))) ;)) 
          ((cout << i) ;)) (return 0 ;)) )
        #symScalLoc(2) |-> 1010
        #symScalLoc(3) |-> 11
    </store>
</T>
