8
<T>
    <in>
        ListItem(#buffer ( "" ))
        ListItem(#istream ( 0 ))
    </in>
    <out>
        ListItem(#ostream ( 1 ))
        ListItem(#buffer ( "" ))
    </out>
    <control>
        <k>
            .K
        </k>
        <return>
            noVal
        </return>
        <fstack>
            .List
        </fstack>
        <sideEffects>
            .Bag
        </sideEffects>
        <env>
            main |-> #symScalLoc(1)
        </env>
    </control>
    <genv>
        main |-> #symScalLoc(1)
    </genv>
    <store>
        #symScalLoc(1) |-> lambda (  @ int a ; (a = 8) ; ((cout << a) << (
          endl)) ; )
        #symScalLoc(2) |-> 8
    </store>
</T>
