x = 10 5
<T>
    <sideEffects>
        .K
    </sideEffects>
    <in>
        ListItem(#buffer ( "" ))
        ListItem(#istream ( 0 ))
    </in>
    <out>
        ListItem(#ostream ( 1 ))
        ListItem(#buffer ( "" ))
    </out>
    <control>
        <k>
            .K
        </k>
        <return>
            0
        </return>
        <fstack>
            .List
        </fstack>
        <env>
            main |-> #symLoc(1)
        </env>
    </control>
    <genv>
        main |-> #symLoc(1)
    </genv>
    <store>
        #symLoc(1) |-> lambda ( .Decls @ ((((((((int z) ;) (((int x) ;) ((
          x = 0) ;))) ((cout << "x = ") ;)) ((cin >> (++ x)) ;)) ((z = ((++ (
          ++ (++ x))) * 2)) ;)) (((((cout << z) << " ") << x) << endl) ;)) (
          return 0 ;)) )
        #symLoc(2) |-> 10
        #symLoc(3) |-> 5
    </store>
</T>
