Hello World!<T>
    <in>
        ListItem(#buffer ( "" ))
        ListItem(#istream ( 0 ))
    </in>
    <out>
        ListItem(#ostream ( 1 ))
        ListItem(#buffer ( "" ))
    </out>
    <control>
        <k>
            .K
        </k>
        <return>
            noVal
        </return>
        <fstack>
            .List
        </fstack>
        <sideEffects>
            .Bag
        </sideEffects>
        <env>
            main |-> #symScalLoc(1)
        </env>
    </control>
    <store>
        #symScalLoc(1) |-> lambda (  @ '.Exps(.KList) ; '.Exps(.KList) ; 
          '.Exps(.KList) ; '.Exps(.KList) ; '.Exps(.KList) ; '.Exps(.KList) ; 
          '.Exps(.KList) ; '.Exps(.KList) ; '.Exps(.KList) ; '.Exps(.KList) ; 
          '.Exps(.KList) ; '.Exps(.KList) ; '.Exps(.KList) ; '.Exps(.KList) ; 
          '.Exps(.KList) ; '.Exps(.KList) ; '.Exps(.KList) ; '.Exps(.KList) ; 
          '.Exps(.KList) ; '.Exps(.KList) ; '.Exps(.KList) ; '.Exps(.KList) ; 
          '.Exps(.KList) ; '.Exps(.KList) ; '.Exps(.KList) ; '.Exps(.KList) ; 
          '.Exps(.KList) ; '.Exps(.KList) ; '.Exps(.KList) ; '.Exps(.KList) ; 
          '.Exps(.KList) ; '.Exps(.KList) ; '.Exps(.KList) ; '.Exps(.KList) ; 
          '.Exps(.KList) ; '.Exps(.KList) ; '.Exps(.KList) ; '.Exps(.KList) ; 
          '.Exps(.KList) ; '.Exps(.KList) ; '.Exps(.KList) ; '.Exps(.KList) ; 
          '.Exps(.KList) ; '.Exps(.KList) ; '.Exps(.KList) ; '.Exps(.KList) ; 
          '.Exps(.KList) ; '.Exps(.KList) ; '.Exps(.KList) ; '.Exps(.KList) ; 
          '.Exps(.KList) ; '.Exps(.KList) ; '.Exps(.KList) ; '.Exps(.KList) ; 
          '.Exps(.KList) ; '.Exps(.KList) ; '.Exps(.KList) ; '.Exps(.KList) ; 
          '.Exps(.KList) ; '.Exps(.KList) ; (cout << "Hello World!") ; '.Exps(
          .KList) ; '.Exps(.KList) ; '.Exps(.KList) ; '.Exps(.KList) ; '.Exps(
          .KList) ; '.Exps(.KList) ; '.Exps(.KList) ; '.Exps(.KList) ; '.Exps(
          .KList) ; '.Exps(.KList) ; '.Exps(.KList) ; '.Exps(.KList) ; '.Exps(
          .KList) ; '.Exps(.KList) ; '.Exps(.KList) ; '.Exps(.KList) ; '.Exps(
          .KList) ; '.Exps(.KList) ; '.Exps(.KList) ; '.Exps(.KList) ; '.Exps(
          .KList) ; '.Exps(.KList) ; '.Exps(.KList) ; '.Exps(.KList) ; '.Exps(
          .KList) ; '.Exps(.KList) ; '.Exps(.KList) ; '.Exps(.KList) ; '.Exps(
          .KList) ; '.Exps(.KList) ; '.Exps(.KList) ; '.Exps(.KList) ; '.Exps(
          .KList) ; '.Exps(.KList) ; '.Exps(.KList) ; '.Exps(.KList) ; '.Exps(
          .KList) ; '.Exps(.KList) ; '.Exps(.KList) ; '.Exps(.KList) ; '.Exps(
          .KList) ; '.Exps(.KList) ; '.Exps(.KList) ; '.Exps(.KList) ; '.Exps(
          .KList) ; '.Exps(.KList) ; '.Exps(.KList) ; '.Exps(.KList) ; '.Exps(
          .KList) ; '.Exps(.KList) ; '.Exps(.KList) ; '.Exps(.KList) ; '.Exps(
          .KList) ; '.Exps(.KList) ; '.Exps(.KList) ; '.Exps(.KList) ; '.Exps(
          .KList) ; '.Exps(.KList) ; '.Exps(.KList) ; '.Exps(.KList) ; '.Exps(
          .KList) ; '.Exps(.KList) ; '.Exps(.KList) ; '.Exps(.KList) ; '.Exps(
          .KList) ; '.Exps(.KList) ; '.Exps(.KList) ; )
    </store>
    <genv>
        main |-> #symScalLoc(1)
    </genv>
</T>
