y = 1
x = 3
y = 2
z = 3
<T>
    <in>
        ListItem(#buffer ( "" ))
        ListItem(#istream ( 0 ))
    </in>
    <out>
        ListItem(#ostream ( 1 ))
        ListItem(#buffer ( "" ))
    </out>
    <control>
        <k>
            .K
        </k>
        <return>
            0
        </return>
        <fstack>
            .List
        </fstack>
        <sideEffects>
            .Bag
        </sideEffects>
        <env>
            main |-> #symLoc(1)
        </env>
    </control>
    <genv>
        main |-> #symLoc(1)
    </genv>
    <store>
        #symLoc(1) |-> lambda ( .Decls @ ((((((((((((int x) ;) ((x = 1) ;)
          ) ((int y) ;)) ((int z) ;)) ((y = (x ++)) ;)) ((((cout << "y = ") <<
           y) << endl) ;)) ((z = ((x ++) + (y ++))) ;)) ((((cout << "x = ") <<
           x) << endl) ;)) ((((cout << "y = ") << y) << endl) ;)) ((((cout << 
          "z = ") << z) << endl) ;)) (return 0 ;)) )
        #symLoc(2) |-> 3
        #symLoc(3) |-> 2
        #symLoc(4) |-> 3
    </store>
</T>
