x = 2; y = 5
<T>
    <sideEffects>
        .K
    </sideEffects>
    <in>
        ListItem(#buffer ( "" ))
        ListItem(#istream ( 0 ))
    </in>
    <out>
        ListItem(#ostream ( 1 ))
        ListItem(#buffer ( "" ))
    </out>
    <control>
        <k>
            .K
        </k>
        <return>
            0
        </return>
        <fstack>
            .List
        </fstack>
        <env>
            main |-> #symLoc(1)
        </env>
    </control>
    <genv>
        main |-> #symLoc(1)
    </genv>
    <store>
        #symLoc(1) |-> lambda ( .Decls @ ((((((((int x) ;) ((x = 1) ;)) ((
          int y) ;)) ((int z) ;)) ((y = ((++ x) + 3)) ;)) ((((((cout << "x = "
          ) << x) << "; y = ") << y) << endl) ;)) (return 0 ;)) )
        #symLoc(2) |-> 2
        #symLoc(3) |-> 5
        #symLoc(4) |-> 0
    </store>
</T>
