a=b
c = b+1
<T>
    <in>
        ListItem(#buffer ( "" ))
        ListItem(#istream ( 0 ))
    </in>
    <out>
        ListItem(#ostream ( 1 ))
        ListItem(#buffer ( "" ))
    </out>
    <control>
        <k>
            .K
        </k>
        <return>
            noVal
        </return>
        <fstack>
            .List
        </fstack>
        <sideEffects>
            .Bag
        </sideEffects>
        <env>
            main |-> #symScalLoc(1)
        </env>
    </control>
    <genv>
        main |-> #symScalLoc(1)
    </genv>
    <store>
        #symScalLoc(1) |-> lambda (  @ a of pointer to int ; (a = (new int
          )) ; b of pointer to int ; (b = (new int)) ; c of pointer to int ; (
          c = (new int)) ; (cin >> (* a)) ; ((* b) = ((* a) ++)) ; if ( ((* a)
           == ((* b) + 1)) ) ((cout << "a=b") << (endl)) ; else { } ((* c) = (
          (++ (* b)) + 1)) ; if ( ((* c) == ((* b) + 1)) ) ((cout << "c = b+1"
          ) << (endl)) ; else { } )
        #symScalLoc(2) |-> #symScalLoc(3)
        #symScalLoc(3) |-> 8
        #symScalLoc(4) |-> #symScalLoc(5)
        #symScalLoc(5) |-> 8
        #symScalLoc(6) |-> #symScalLoc(7)
        #symScalLoc(7) |-> 9
    </store>
</T>
