7
<T>
    <in>
        ListItem(#buffer ( "" ))
        ListItem(#istream ( 0 ))
    </in>
    <out>
        ListItem(#ostream ( 1 ))
        ListItem(#buffer ( "" ))
    </out>
    <control>
        <k>
            .K
        </k>
        <return>
            noVal
        </return>
        <fstack>
            .List
        </fstack>
        <sideEffects>
            .Bag
        </sideEffects>
        <env>
            main |-> #symScalLoc(1)
        </env>
    </control>
    <genv>
        main |-> #symScalLoc(1)
    </genv>
    <store>
        #symScalLoc(1) |-> lambda (  @ p of pointer to int ; (p = (new int
          )) ; q of pointer to bool ; (q = (new bool)) ; ((* q) = true) ; if (
           (* q) ) ((* p) = 7) ; else { } ((cout << (* p)) << (endl)) ; (
          delete p) ; (delete q) ; )
        #symScalLoc(3) |-> 7
        #symScalLoc(5) |-> true
    </store>
</T>
