10
10
20
20
20
<T>
    <in>
        ListItem(#buffer ( "" ))
        ListItem(#istream ( 0 ))
    </in>
    <out>
        ListItem(#ostream ( 1 ))
        ListItem(#buffer ( "" ))
    </out>
    <control>
        <k>
            .K
        </k>
        <return>
            noVal
        </return>
        <fstack>
            .List
        </fstack>
        <sideEffects>
            .Bag
        </sideEffects>
        <env>
            main |-> #symScalLoc(1)
        </env>
    </control>
    <genv>
        main |-> #symScalLoc(1)
    </genv>
    <store>
        #symScalLoc(1) |-> lambda ( .Decls @ ((((((((((((((int x) ;) ((y 
          of (pointer to int) ;) ((z of (pointer to (pointer to int)) ;) (((
          int u) ;) (v of (pointer to int) ;))))) ((y = (& x)) ;)) (((* y) = 
          10) ;)) (((cout << x) << "\n") ;)) (((cout << (* y)) << "\n") ;)) ((
          z = (& y)) ;)) (((* (* z)) = 20) ;)) ((u = (* (* z))) ;)) (((cout <<
           u) << "\n") ;)) (((cout << (* (* z))) << "\n") ;)) ((v = (* z)) ;))
           (((cout << (* v)) << "\n") ;)) )
        #symScalLoc(2) |-> 20
        #symScalLoc(3) |-> #symScalLoc(2)
        #symScalLoc(4) |-> #symScalLoc(3)
        #symScalLoc(5) |-> 20
        #symScalLoc(6) |-> #symScalLoc(2)
    </store>
</T>
