4 3
<T>
    <in>
        ListItem(#buffer ( "" ))
        ListItem(#istream ( 0 ))
    </in>
    <out>
        ListItem(#ostream ( 1 ))
        ListItem(#buffer ( "" ))
    </out>
    <control>
        <k>
            .K
        </k>
        <return>
            0
        </return>
        <fstack>
            .List
        </fstack>
        <sideEffects>
            .Bag
        </sideEffects>
        <env>
            main |-> #symScalLoc(2)
            swap |-> #symScalLoc(1)
        </env>
    </control>
    <genv>
        main |-> #symScalLoc(2)
        swap |-> #symScalLoc(1)
    </genv>
    <store>
        #symScalLoc(1) |-> lambda ( ((int (* (* p))), (int (* (* q)))) @ (
          ((((int a) ;) ((a = (* (* p))) ;)) (((* (* p)) = (* (* q))) ;)) (((*
           (* q)) = a) ;)) )
        #symScalLoc(2) |-> lambda ( .Decls @ (((((((((int a) ;) ((a = 3) ;)) (
          ((int b) ;) ((b = 4) ;))) (((x of (pointer to int) ;) ((x = (& a)) ;
          )) ((y of (pointer to int) ;) ((y = (& b)) ;)))) (((u of (pointer to
           int) ;) ((u = (& x)) ;)) ((v of (pointer to int) ;) ((v = (& y)) ;)
          ))) ((swap ( (u , v) )) ;)) (((((cout << a) << " ") << b) << endl) ;
          )) (return 0 ;)) )
        #symScalLoc(3) |-> 4
        #symScalLoc(4) |-> 3
        #symScalLoc(5) |-> #symScalLoc(3)
        #symScalLoc(6) |-> #symScalLoc(4)
        #symScalLoc(7) |-> #symScalLoc(5)
        #symScalLoc(8) |-> #symScalLoc(6)
        #symScalLoc(9) |-> #symScalLoc(5)
        #symScalLoc(10) |-> #symScalLoc(6)
        #symScalLoc(11) |-> 3
    </store>
</T>
