5
<T>
    <in>
        ListItem(#buffer ( "" ))
        ListItem(#istream ( 0 ))
    </in>
    <out>
        ListItem(#ostream ( 1 ))
        ListItem(#buffer ( "" ))
    </out>
    <control>
        <k>
            .K
        </k>
        <return>
            0
        </return>
        <fstack>
            .List
        </fstack>
        <sideEffects>
            .Bag
        </sideEffects>
        <env>
            main |-> #symScalLoc(1)
        </env>
    </control>
    <store>
        #symScalLoc(1) |-> lambda (  @ int a ; (a = 5) ; int x ; (x = (* (
          & a))) ; ((cout << x) << (endl)) ; return 0 ; )
        #symScalLoc(2) |-> 5
        #symScalLoc(3) |-> 5
    </store>
    <genv>
        main |-> #symScalLoc(1)
    </genv>
</T>
